struct A {
    field = struct B {
        a = 1,
        b = 2,
        c = true,
    },
}
= 0
