Point.x = 43
Rect.bottom_right.y = 310
Cube.sides[0].bottom_right.x = 99
Bar.Foo.a = 2312
Square.side = 5
Square.area() = 49
Square.circumference() = 28
area as closure() = 49
= 0
