fn(5, 3) = 8
fn(fn(5, 3), 0) = 8
fn(5, 3) = 2
fn(fn(5, 3), 1) = 1
fn(5, 3) = 15
fn(fn(5, 3), 2) = 30
fn(5, 3) = 1
fn(fn(5, 3), 3) = 0
= 0
