10
yay!
uyay!
[ 1, 2, 3 ]
[ 1, 2, 3 ]
10
none
0: 0
1: 0
2: 0
3: 0
4: 0
5: 0
6: 0
7: 0
= -1
