false && loudlyFalse()
false
true || loudlyTrue()
true
true && loudlyFalse()
FALSE
false
false || loudlyTrue()
TRUE
true
= 0
