Hello
World
how are you
?
Hello
World
how are you
?
Hello
World
how are you
?
Hello
World
how are you
?
[ true, true, true, true ]
0 3
1 4
2 5
3 6
4 7
5 8
0 3
[ 0, 1, 2, 3 ]
0: 0
1: 0
2: 0
3: 0
4: 0
5: 0
6: 0
7: 0
= -1
