Im a literal!
Hello World!
Hello World! != "Hello World!"? false
[ Hello, World, ! ]
Hewwo Meowrld! o//
Hewwo :3
Hewwo Meowrld! o//
uWu Meowrld! o//
lollal
hahe
[ Hewwo,  Meowrld! o//, Hewwo Meowrld! o//, Hewwo :3, hahe ]
[ maybethis, worksmaybe??, literal, heapallocated ]
Len was 12
19
= 0
