3
false
Hello
BOX: 3
BOX: false
BOX: Hello
Hello:
3
Hello:
false
Hello:
Hello
0: 0
1: 0
2: 0
3: 0
4: 0
5: 0
= -1
