[ [ 1 ], [ 2 ] ]
[ [ [ 2 ] ], [ [ 2 ] ] ]
[ [ [ This ] ], [ [ is ] ], [ [ very ] ], [ [ mean ] ], [ [ ! ] ] ]
1
2
3
[ 1, 5, 3 ]
a_1 == 2?
true
b_1?
false
b == b2?
true
b == [true, false]?
true
[4, 3, 2, 1] == [1, 2, 3, 4]?
false
[1, 2, 3, 4] == c?
true
c == c2?
true
c[3] == c.length()?
true
c.length()
4
120
5
[ 7, 3, 3, 3, 3, 3, 1 ]
true
[ 4, 5, 6 ]
6
[ [ 1 ], [ 42, 1337, 876 ], [ 4, 5, 999 ] ]
[ Red, Blue, Yellow, Green ]
[ [ 1, 5, 3 ], [ 1, 2, 3, 4 ], [ 1 ], [ 42, 1337, 876 ], [ 4, 5, 999 ], [ 843, 43 ], [ 321, 32 ] ]
closure(5) = 6
closure(5) = 3
closure(5) = 15
closure(5) = 1
[ 1, 2, 3, 5 ]
0: 0
1: 0
2: 0
3: 0
4: 0
5: 0
6: 0
7: 0
8: 0
9: 0
10: 0
11: 0
12: 0
13: 0
14: 0
= -1
