none
99
Arg was 0
Arg was none
102
n has sadly no value :/
Shoud have gotten here?!
0
Shoud have gotten here as well?!
0: 0
1: 0
2: 0
3: 0
4: 0
5: 0
= -1
