[ he, he, he, he, he, he, he, he, he, he, he, he, he, he, he, he, he, he, he, he, he, he, he, he, he, he, he, he, he, he, he, he, he, he, he, he, he, he, he, he, he, he, he, he, he, he, he, he, he, he, he, he, he, he, he, he, he, he, he, he, he, he, he, he, he, he, he, he, he, he, he, he, he, he, he, he, he, he, he, he, he, he, he, he, he, he, he, he, he, he, he, he, he, he, he ]
5
5
[ hello, hello, hello, hello, hello ]
= 0
