42
none
65
c (-5) is not uint? true
c (5) is uint and 5? true
c (0) is uint and 0? true
= 0
