<p>Hello World!</p>
<p>test haha!</p>
<b>Hello World!</b>
0: 0
1: 0
2: 0
3: 0
4: 0
5: 0
= -1
