true
struct Animal {
    v = 999,
}Im a Cat!
true
= 0
